
> batflix@0.1.0 dev
> next dev

  ▲ Next.js 14.2.5
  - Local:        http://localhost:2899
  - Environments: .env.local

 ✓ Starting...
 ✓ Ready in 1562ms
 ○ Compiling / ...
 ✓ Compiled / in 2.7s (393 modules)
 ✓ Compiled in 157ms (393 modules)
 GET / 200 in 3169ms
 GET / 200 in 15ms
 GET / 200 in 10ms
 GET / 200 in 14ms
 GET / 200 in 13ms
 ✓ Compiled /title/[id] in 199ms (397 modules)
 GET / 200 in 24ms
 GET / 200 in 86ms
 GET /title/969681?type=movie 200 in 19ms
 GET /title/1375646?type=movie 200 in 11ms
 GET / 200 in 10ms
 GET / 200 in 10ms
 GET / 200 in 12ms
 ✓ Compiled in 313ms (397 modules)
 ✓ Compiled in 174ms (397 modules)
 GET / 200 in 68ms
 ✓ Compiled in 310ms (397 modules)
 ✓ Compiled in 739ms (397 modules)
 ✓ Compiled in 753ms (397 modules)
 ✓ Compiled in 396ms (397 modules)
[?25h
